
Running 44 tests using 1 worker

  ✓   1 [chromium] › tests\e2e\all-tabs.spec.ts:12:9 › All Tabs — Production Readiness › Homepage (/) › loads and shows feed or empty state (2.6s)
  ✓   2 [chromium] › tests\e2e\all-tabs.spec.ts:21:9 › All Tabs — Production Readiness › Homepage (/) › has navigation sidebar links (2.4s)
  ✓   3 [chromium] › tests\e2e\all-tabs.spec.ts:30:9 › All Tabs — Production Readiness › Explore (/explore) › loads with title (1.8s)
  ✓   4 [chromium] › tests\e2e\all-tabs.spec.ts:36:9 › All Tabs — Production Readiness › Explore (/explore) › shows agent cards or discovery section (3.4s)
  ✓   5 [chromium] › tests\e2e\all-tabs.spec.ts:46:9 › All Tabs — Production Readiness › Explore Agents (/explore/agents) › loads agent listing (2.5s)
  ✓   6 [chromium] › tests\e2e\all-tabs.spec.ts:54:9 › All Tabs — Production Readiness › Marketplace (/marketplace) › loads marketplace page (2.3s)
  ✓   7 [chromium] › tests\e2e\all-tabs.spec.ts:63:9 › All Tabs — Production Readiness › Contracts (/contracts) › loads contracts page with heading (2.4s)
  ✓   8 [chromium] › tests\e2e\all-tabs.spec.ts:69:9 › All Tabs — Production Readiness › Contracts (/contracts) › shows contract stats or empty state (3.6s)
  ✓   9 [chromium] › tests\e2e\all-tabs.spec.ts:80:9 › All Tabs — Production Readiness › Tokens (/tokens) › loads token leaderboard (1.6s)
  ✘  10 [chromium] › tests\e2e\all-tabs.spec.ts:88:9 › All Tabs — Production Readiness › Token Info (/token) › shows RELAY token info (1.5s)
  ✘  11 [chromium] › tests\e2e\all-tabs.spec.ts:88:9 › All Tabs — Production Readiness › Token Info (/token) › shows RELAY token info (retry #1) (4.7s)
  ✘  12 [chromium] › tests\e2e\all-tabs.spec.ts:95:9 › All Tabs — Production Readiness › Token Info (/token) › shows contract address section (3.0s)
  ✘  13 [chromium] › tests\e2e\all-tabs.spec.ts:95:9 › All Tabs — Production Readiness › Token Info (/token) › shows contract address section (retry #1) (3.6s)
  ✓  14 [chromium] › tests\e2e\all-tabs.spec.ts:103:9 › All Tabs — Production Readiness › Wallet (/wallet) › loads wallet page (2.1s)
  ✓  15 [chromium] › tests\e2e\all-tabs.spec.ts:112:9 › All Tabs — Production Readiness › Network (/network) › loads network status page (1.8s)
  ✓  16 [chromium] › tests\e2e\all-tabs.spec.ts:117:9 › All Tabs — Production Readiness › Network (/network) › shows network monitoring content (4.2s)
  ✓  17 [chromium] › tests\e2e\all-tabs.spec.ts:128:9 › All Tabs — Production Readiness › Governance (/governance) › loads governance page (1.7s)
  ✓  18 [chromium] › tests\e2e\all-tabs.spec.ts:137:9 › All Tabs — Production Readiness › Search (/search) › loads with search input (1.2s)
  ✓  19 [chromium] › tests\e2e\all-tabs.spec.ts:147:9 › All Tabs — Production Readiness › Businesses (/businesses) › loads businesses page (1.3s)
  ✓  20 [chromium] › tests\e2e\all-tabs.spec.ts:152:9 › All Tabs — Production Readiness › Businesses (/businesses) › shows businesses heading and content (3.0s)
  ✓  21 [chromium] › tests\e2e\all-tabs.spec.ts:162:9 › All Tabs — Production Readiness › Audit (/audit) › loads audit page (1.3s)
  ✓  22 [chromium] › tests\e2e\all-tabs.spec.ts:167:9 › All Tabs — Production Readiness › Audit (/audit) › shows audit interface (3.0s)
  ✓  23 [chromium] › tests\e2e\all-tabs.spec.ts:177:9 › All Tabs — Production Readiness › Analytics (/analytics) › loads analytics page (1.9s)
  ✓  24 [chromium] › tests\e2e\all-tabs.spec.ts:186:9 › All Tabs — Production Readiness › Create (/create) › loads create page with options (1.3s)
  ✓  25 [chromium] › tests\e2e\all-tabs.spec.ts:194:9 › All Tabs — Production Readiness › Create Agent (/create-agent) › loads create agent form (1.2s)
  ✓  26 [chromium] › tests\e2e\all-tabs.spec.ts:199:9 › All Tabs — Production Readiness › Create Agent (/create-agent) › shows form fields (1.3s)
  ✓  27 [chromium] › tests\e2e\all-tabs.spec.ts:210:9 › All Tabs — Production Readiness › Developers (/developers) › loads developer portal (1.6s)
  ✓  28 [chromium] › tests\e2e\all-tabs.spec.ts:216:9 › All Tabs — Production Readiness › Developers (/developers) › shows API documentation or tabs (2.9s)
  ✓  29 [chromium] › tests\e2e\all-tabs.spec.ts:226:9 › All Tabs — Production Readiness › Messages (/messages) › loads messages page (1.2s)
  ✓  30 [chromium] › tests\e2e\all-tabs.spec.ts:235:9 › All Tabs — Production Readiness › Notifications (/notifications) › loads notifications page (1.2s)
  ✓  31 [chromium] › tests\e2e\all-tabs.spec.ts:244:9 › All Tabs — Production Readiness › Profile (/profile) › loads profile page (1.2s)
  ✓  32 [chromium] › tests\e2e\all-tabs.spec.ts:253:9 › All Tabs — Production Readiness › Settings (/settings) › loads settings page (1.4s)
  ✓  33 [chromium] › tests\e2e\all-tabs.spec.ts:262:9 › All Tabs — Production Readiness › Admin (/admin) › loads without crash (may redirect unauthenticated users) (1.4s)
  ✓  34 [chromium] › tests\e2e\all-tabs.spec.ts:273:9 › All Tabs — Production Readiness › Auth Pages › login loads (973ms)
  ✓  35 [chromium] › tests\e2e\all-tabs.spec.ts:280:9 › All Tabs — Production Readiness › Auth Pages › signup loads (876ms)
  ✓  36 [chromium] › tests\e2e\all-tabs.spec.ts:288:9 › All Tabs — Production Readiness › Public Pages › landing page loads (2.0s)
  ✓  37 [chromium] › tests\e2e\all-tabs.spec.ts:295:9 › All Tabs — Production Readiness › Public Pages › terms page loads (800ms)
  ✓  38 [chromium] › tests\e2e\all-tabs.spec.ts:300:9 › All Tabs — Production Readiness › Public Pages › privacy page loads (889ms)
  ✓  39 [chromium] › tests\e2e\all-tabs.spec.ts:305:9 › All Tabs — Production Readiness › Public Pages › whitepaper page loads (1.0s)
  ✓  40 [chromium] › tests\e2e\all-tabs.spec.ts:313:9 › All Tabs — Production Readiness › Error Handling › 404 page shows for non-existent route (545ms)
  ✓  41 [chromium] › tests\e2e\all-tabs.spec.ts:321:9 › All Tabs — Production Readiness › API Health › health endpoint returns 200 (633ms)
  ✓  42 [chromium] › tests\e2e\all-tabs.spec.ts:328:9 › All Tabs — Production Readiness › API Health › agents API returns data (890ms)
  ✓  43 [chromium] › tests\e2e\all-tabs.spec.ts:335:9 › All Tabs — Production Readiness › API Health › posts API returns data (478ms)
  ✓  44 [chromium] › tests\e2e\all-tabs.spec.ts:340:9 › All Tabs — Production Readiness › API Health › contracts API returns data (288ms)
  ✓  45 [chromium] › tests\e2e\all-tabs.spec.ts:348:9 › All Tabs — Production Readiness › Tab Navigation Flow › can navigate through main tabs without crash (8.5s)
  ✓  46 [chromium] › tests\e2e\all-tabs.spec.ts:368:9 › All Tabs — Production Readiness › Tab Navigation Flow › can navigate through secondary tabs without crash (8.5s)


  1) [chromium] › tests\e2e\all-tabs.spec.ts:88:9 › All Tabs — Production Readiness › Token Info (/token) › shows RELAY token info 

    Error: [2mexpect([22m[31mlocator[39m[2m).[22mtoBeVisible[2m([22m[2m)[22m failed

    Locator: locator('text=RELAY')
    Expected: visible
    Error: strict mode violation: locator('text=RELAY') resolved to 6 elements:
        1) <span class="hidden xl:block text-xl font-bold text-gradient">Relay</span> aka getByRole('link', { name: 'Relay' })
        2) <h1 class="text-5xl font-bold mb-4 text-foreground">RELAY Token</h1> aka getByRole('heading', { name: 'RELAY Token' })
        3) <p class="font-semibold text-foreground">RELAY</p> aka getByText('RELAY', { exact: true })
        4) <li class="text-foreground">Token details will auto-populate (RELAY, 6 decima…</li> aka getByText('Token details will auto-')
        5) <div data-slot="card-description" class="text-muted-foreground text-sm">What you can do with RELAY tokens</div> aka getByText('What you can do with RELAY')
        6) <p>…</p> aka getByText('Official RELAY token contract')

    Call log:
    [2m  - Expect "toBeVisible" with timeout 5000ms[22m
    [2m  - waiting for locator('text=RELAY')[22m


      90 |       await expect(page.locator('body')).not.toContainText('Something went wrong')
      91 |       // Should show token details
    > 92 |       await expect(page.locator('text=RELAY')).toBeVisible()
         |                                                ^
      93 |     })
      94 |
      95 |     test('shows contract address section', async ({ page }) => {
        at C:\Users\willi\v0-ai-agent-instagram\tests\e2e\all-tabs.spec.ts:92:48

    attachment #1: screenshot (image/png) ──────────────────────────────────────────────────────────
    test-results\all-tabs-All-Tabs-—-Produc-44855-oken-shows-RELAY-token-info-chromium\test-failed-1.png
    ────────────────────────────────────────────────────────────────────────────────────────────────

    Error Context: test-results\all-tabs-All-Tabs-—-Produc-44855-oken-shows-RELAY-token-info-chromium\error-context.md

    Retry #1 ───────────────────────────────────────────────────────────────────────────────────────

    Error: [2mexpect([22m[31mlocator[39m[2m).[22mtoBeVisible[2m([22m[2m)[22m failed

    Locator: locator('text=RELAY')
    Expected: visible
    Error: strict mode violation: locator('text=RELAY') resolved to 6 elements:
        1) <span class="hidden xl:block text-xl font-bold text-gradient">Relay</span> aka getByRole('link', { name: 'Relay' })
        2) <h1 class="text-5xl font-bold mb-4 text-foreground">RELAY Token</h1> aka getByRole('heading', { name: 'RELAY Token' })
        3) <p class="font-semibold text-foreground">RELAY</p> aka getByText('RELAY', { exact: true })
        4) <li class="text-foreground">Token details will auto-populate (RELAY, 6 decima…</li> aka getByText('Token details will auto-')
        5) <div data-slot="card-description" class="text-muted-foreground text-sm">What you can do with RELAY tokens</div> aka getByText('What you can do with RELAY')
        6) <p>…</p> aka getByText('Official RELAY token contract')

    Call log:
    [2m  - Expect "toBeVisible" with timeout 5000ms[22m
    [2m  - waiting for locator('text=RELAY')[22m


      90 |       await expect(page.locator('body')).not.toContainText('Something went wrong')
      91 |       // Should show token details
    > 92 |       await expect(page.locator('text=RELAY')).toBeVisible()
         |                                                ^
      93 |     })
      94 |
      95 |     test('shows contract address section', async ({ page }) => {
        at C:\Users\willi\v0-ai-agent-instagram\tests\e2e\all-tabs.spec.ts:92:48

    attachment #1: screenshot (image/png) ──────────────────────────────────────────────────────────
    test-results\all-tabs-All-Tabs-—-Produc-44855-oken-shows-RELAY-token-info-chromium-retry1\test-failed-1.png
    ────────────────────────────────────────────────────────────────────────────────────────────────

    Error Context: test-results\all-tabs-All-Tabs-—-Produc-44855-oken-shows-RELAY-token-info-chromium-retry1\error-context.md

    attachment #3: trace (application/zip) ─────────────────────────────────────────────────────────
    test-results\all-tabs-All-Tabs-—-Produc-44855-oken-shows-RELAY-token-info-chromium-retry1\trace.zip
    Usage:

        npx playwright show-trace test-results\all-tabs-All-Tabs-—-Produc-44855-oken-shows-RELAY-token-info-chromium-retry1\trace.zip

    ────────────────────────────────────────────────────────────────────────────────────────────────

  2) [chromium] › tests\e2e\all-tabs.spec.ts:95:9 › All Tabs — Production Readiness › Token Info (/token) › shows contract address section 

    Error: [2mexpect([22m[31mlocator[39m[2m).[22mtoBeVisible[2m([22m[2m)[22m failed

    Locator: locator('text=Solana')
    Expected: visible
    Error: strict mode violation: locator('text=Solana') resolved to 3 elements:
        1) <p class="font-semibold text-foreground">Solana</p> aka getByText('Solana', { exact: true })
        2) <div data-slot="card-description" class="text-muted-foreground text-sm">Phantom, Magic Eden, or any Solana-compatible wal…</div> aka getByText('Phantom, Magic Eden, or any')
        3) <li class="text-foreground">Open Phantom Wallet or your Solana wallet</li> aka getByText('Open Phantom Wallet or your')

    Call log:
    [2m  - Expect "toBeVisible" with timeout 5000ms[22m
    [2m  - waiting for locator('text=Solana')[22m


       95 |     test('shows contract address section', async ({ page }) => {
       96 |       await page.goto('/token')
    >  97 |       await expect(page.getByText('Solana', { exact: true }).first()).toBeVisible()
          |                                                 ^
       98 |     })
       99 |   })
      100 |
        at C:\Users\willi\v0-ai-agent-instagram\tests\e2e\all-tabs.spec.ts:97:49

    attachment #1: screenshot (image/png) ──────────────────────────────────────────────────────────
    test-results\all-tabs-All-Tabs-—-Produc-231d0-ws-contract-address-section-chromium\test-failed-1.png
    ────────────────────────────────────────────────────────────────────────────────────────────────

    Error Context: test-results\all-tabs-All-Tabs-—-Produc-231d0-ws-contract-address-section-chromium\error-context.md

    Retry #1 ───────────────────────────────────────────────────────────────────────────────────────

    Error: [2mexpect([22m[31mlocator[39m[2m).[22mtoBeVisible[2m([22m[2m)[22m failed

    Locator: locator('text=Solana')
    Expected: visible
    Error: strict mode violation: locator('text=Solana') resolved to 3 elements:
        1) <p class="font-semibold text-foreground">Solana</p> aka getByText('Solana', { exact: true })
        2) <div data-slot="card-description" class="text-muted-foreground text-sm">Phantom, Magic Eden, or any Solana-compatible wal…</div> aka getByText('Phantom, Magic Eden, or any')
        3) <li class="text-foreground">Open Phantom Wallet or your Solana wallet</li> aka getByText('Open Phantom Wallet or your')

    Call log:
    [2m  - Expect "toBeVisible" with timeout 5000ms[22m
    [2m  - waiting for locator('text=Solana')[22m


       95 |     test('shows contract address section', async ({ page }) => {
       96 |       await page.goto('/token')
    >  97 |       await expect(page.getByText('Solana', { exact: true }).first()).toBeVisible()
          |                                                 ^
       98 |     })
       99 |   })
      100 |
        at C:\Users\willi\v0-ai-agent-instagram\tests\e2e\all-tabs.spec.ts:97:49

    attachment #1: screenshot (image/png) ──────────────────────────────────────────────────────────
    test-results\all-tabs-All-Tabs-—-Produc-231d0-ws-contract-address-section-chromium-retry1\test-failed-1.png
    ────────────────────────────────────────────────────────────────────────────────────────────────

    Error Context: test-results\all-tabs-All-Tabs-—-Produc-231d0-ws-contract-address-section-chromium-retry1\error-context.md

    attachment #3: trace (application/zip) ─────────────────────────────────────────────────────────
    test-results\all-tabs-All-Tabs-—-Produc-231d0-ws-contract-address-section-chromium-retry1\trace.zip
    Usage:

        npx playwright show-trace test-results\all-tabs-All-Tabs-—-Produc-231d0-ws-contract-address-section-chromium-retry1\trace.zip

    ────────────────────────────────────────────────────────────────────────────────────────────────

  2 failed
    [chromium] › tests\e2e\all-tabs.spec.ts:88:9 › All Tabs — Production Readiness › Token Info (/token) › shows RELAY token info 
    [chromium] › tests\e2e\all-tabs.spec.ts:95:9 › All Tabs — Production Readiness › Token Info (/token) › shows contract address section 
  42 passed (2.3m)

---STDERR---
